// Jest Snapshot v1, https://goo.gl/fbAQLP

exports[`should render ExpenseListItem component correctly 1`] = `
<tr>
  <td>
    <Link
      to="/edit/1"
    >
      Rent
    </Link>
  </td>
  <td>
    $50.00
  </td>
  <td>
    January 1st, 1970
  </td>
</tr>
`;
