// Jest Snapshot v1, https://goo.gl/fbAQLP

exports[`should render header component currently 1`] = `
<header>
  <h1>
    Expensify
  </h1>
  <nav>
    <NavLink
      activeClassName="is-active"
      to="/dashboard"
    >
      Dashboard
    </NavLink>
    <NavLink
      activeClassName="is-active"
      to="/create"
    >
      Create
    </NavLink>
    <button
      onClick={[Function]}
    >
      Logout
    </button>
  </nav>
</header>
`;
